To run a command as administrator (user "root"), use "sudo <command>".
See "man sudo_root" for details.

bhavya@LAPTOP-0MNNDU8R:~$ ls
bhavya@LAPTOP-0MNNDU8R:~$ ls -l
total 0
bhavya@LAPTOP-0MNNDU8R:~$ ls -a
.  ..  .bash_history  .bash_logout  .bashrc  .cache  .motd_shown  .profile
bhavya@LAPTOP-0MNNDU8R:~$ ls -a .rr.txt
ls: cannot access '.rr.txt': No such file or directory
bhavya@LAPTOP-0MNNDU8R:~$ ls -a
.  ..  .bash_history  .bash_logout  .bashrc  .cache  .motd_shown  .profile
bhavya@LAPTOP-0MNNDU8R:~$ pwd
/home/bhavya
bhavya@LAPTOP-0MNNDU8R:~$ cd ..
bhavya@LAPTOP-0MNNDU8R:/home$ pwd
/home
bhavya@LAPTOP-0MNNDU8R:/home$ ls
bhavya
bhavya@LAPTOP-0MNNDU8R:/home$ cd
bhavya@LAPTOP-0MNNDU8R:~$ pwd
/home/bhavya
bhavya@LAPTOP-0MNNDU8R:~$ cd desktop
-bash: cd: desktop: No such file or directory
bhavya@LAPTOP-0MNNDU8R:~$ cd Desktop
-bash: cd: Desktop: No such file or directory
bhavya@LAPTOP-0MNNDU8R:~$ touch bhavs
bhavya@LAPTOP-0MNNDU8R:~$ cd root
-bash: cd: root: No such file or directory
bhavya@LAPTOP-0MNNDU8R:~$ mkdir uma
bhavya@LAPTOP-0MNNDU8R:~$ ls
bhavs  uma
bhavya@LAPTOP-0MNNDU8R:~$ rmdir uma
bhavya@LAPTOP-0MNNDU8R:~$ touch bhava.txt
bhavya@LAPTOP-0MNNDU8R:~$ touch bhavs.py
bhavya@LAPTOP-0MNNDU8R:~$ touch bhavs.c
bhavya@LAPTOP-0MNNDU8R:~$ mkdir uma
bhavya@LAPTOP-0MNNDU8R:~$ ls
bhava.txt  bhavs  bhavs.c  bhavs.py  uma
bhavya@LAPTOP-0MNNDU8R:~$ rm bhavs
bhavya@LAPTOP-0MNNDU8R:~$ ls
bhava.txt  bhavs.c  bhavs.py  uma
bhavya@LAPTOP-0MNNDU8R:~$ pwd
/home/bhavya
bhavya@LAPTOP-0MNNDU8R:~$ cd ..
bhavya@LAPTOP-0MNNDU8R:/home$ ls
bhavya
bhavya@LAPTOP-0MNNDU8R:/home$ rm bhava.txt
rm: cannot remove 'bhava.txt': No such file or directory
bhavya@LAPTOP-0MNNDU8R:/home$ rm -rf uma
bhavya@LAPTOP-0MNNDU8R:/home$ ls
bhavya
bhavya@LAPTOP-0MNNDU8R:/home$ rm bhavs.c
rm: cannot remove 'bhavs.c': No such file or directory
bhavya@LAPTOP-0MNNDU8R:/home$ ls
bhavya
bhavya@LAPTOP-0MNNDU8R:/home$ touch bhavs.py
touch: cannot touch 'bhavs.py': Permission denied
bhavya@LAPTOP-0MNNDU8R:/home$ touch --help
Usage: touch [OPTION]... FILE...
Update the access and modification times of each FILE to the current time.

A FILE argument that does not exist is created empty, unless -c or -h
is supplied.

A FILE argument string of - is handled specially and causes touch to
change the times of the file associated with standard output.

Mandatory arguments to long options are mandatory for short options too.
  -a                     change only the access time
  -c, --no-create        do not create any files
  -d, --date=STRING      parse STRING and use it instead of current time
  -f                     (ignored)
  -h, --no-dereference   affect each symbolic link instead of any referenced
                         file (useful only on systems that can change the
                         timestamps of a symlink)
  -m                     change only the modification time
  -r, --reference=FILE   use this file's times instead of current time
  -t STAMP               use [[CC]YY]MMDDhhmm[.ss] instead of current time
      --time=WORD        change the specified time:
                           WORD is access, atime, or use: equivalent to -a
                           WORD is modify or mtime: equivalent to -m
      --help     display this help and exit
      --version  output version information and exit

Note that the -d and -t options accept different time-date formats.

GNU coreutils online help: <https://www.gnu.org/software/coreutils/>
Report any translation bugs to <https://translationproject.org/team/>
Full documentation <https://www.gnu.org/software/coreutils/touch>
or available locally via: info '(coreutils) touch invocation'
bhavya@LAPTOP-0MNNDU8R:/home$ touch uma.py
touch: cannot touch 'uma.py': Permission denied
bhavya@LAPTOP-0MNNDU8R:/home$ touch yuvi.py
touch: cannot touch 'yuvi.py': Permission denied
bhavya@LAPTOP-0MNNDU8R:/home$

bhavya@LAPTOP-0MNNDU8R:~$ ls
bhava.txt  bhavs.c  bhavs.py  uma
bhavya@LAPTOP-0MNNDU8R:~$ cat > abc.txt
helloww world i am bhavya
bhavya@LAPTOP-0MNNDU8R:~$ cat abc.txt
helloww world i am bhavya
bhavya@LAPTOP-0MNNDU8R:~$ cat > xyz.txt
bhavya@LAPTOP-0MNNDU8R:~$ cat xyz.txt
bhavya@LAPTOP-0MNNDU8R:~$ cp abc.txt xyz.txt
bhavya@LAPTOP-0MNNDU8R:~$ cat xyz.txt
helloww world i am bhavya
bhavya@LAPTOP-0MNNDU8R:~$ vi hello.py
bhavya@LAPTOP-0MNNDU8R:~$ ls
abc.txt  bhava.txt  bhavs.c  bhavs.py  hello.py  uma  xyz.txt
bhavya@LAPTOP-0MNNDU8R:~$ mv abc.txt ABC.txt
bhavya@LAPTOP-0MNNDU8R:~$ ls
ABC.txt  bhava.txt  bhavs.c  bhavs.py  hello.py  uma  xyz.txt
bhavya@LAPTOP-0MNNDU8R:~$ df -h
Filesystem      Size  Used Avail Use% Mounted on
none            1.9G  4.0K  1.9G   1% /mnt/wsl
none            476G  158G  319G  34% /usr/lib/wsl/drivers
none            1.9G     0  1.9G   0% /usr/lib/modules
none            1.9G     0  1.9G   0% /usr/lib/modules/5.15.146.1-microsoft-standard-WSL2
/dev/sdc       1007G  1.4G  955G   1% /
none            1.9G   80K  1.9G   1% /mnt/wslg
none            1.9G     0  1.9G   0% /usr/lib/wsl/lib
rootfs          1.9G  1.9M  1.9G   1% /init
none            1.9G  824K  1.9G   1% /run
none            1.9G     0  1.9G   0% /run/lock
none            1.9G     0  1.9G   0% /run/shm
tmpfs           4.0M     0  4.0M   0% /sys/fs/cgroup
none            1.9G   76K  1.9G   1% /mnt/wslg/versions.txt
none            1.9G   76K  1.9G   1% /mnt/wslg/doc
C:\             476G  158G  319G  34% /mnt/c
snapfuse        128K  128K     0 100% /snap/bare/5
snapfuse         75M   75M     0 100% /snap/core22/1380
snapfuse         74M   74M     0 100% /snap/core22/864
snapfuse         92M   92M     0 100% /snap/gtk-common-themes/1535
snapfuse         41M   41M     0 100% /snap/snapd/20290
snapfuse         39M   39M     0 100% /snap/snapd/21759
snapfuse        132M  132M     0 100% /snap/ubuntu-desktop-installer/1276
snapfuse        132M  132M     0 100% /snap/ubuntu-desktop-installer/1286
bhavya@LAPTOP-0MNNDU8R:~$ du -hs
44K     .
bhavya@LAPTOP-0MNNDU8R:~$ du -hs uma
4.0K    uma
bhavya@LAPTOP-0MNNDU8R:~$ du -hs bhavya
du: cannot access 'bhavya': No such file or directory
bhavya@LAPTOP-0MNNDU8R:~$ du -hs bhavs.py
0       bhavs.py
bhavya@LAPTOP-0MNNDU8R:~$ free -m
               total        used        free      shared  buff/cache   available
Mem:            3830         478        3001           2         349        3138
Swap:           1024           0        1024
bhavya@LAPTOP-0MNNDU8R:~$