
1. How to switch from login user to root user


    sudo -i

ex :

rajesh@DESKTOP-4CMAMAA:~$ sudo -i
root@DESKTOP-4CMAMAA:~#


2. what is cd

    change directory, this command is used to switch to different directories


3. what is the difference between cd and cd/?

   cd / is used to navigate to root directory 

ex: 

root@DESKTOP-4CMAMAA:~# cd /
root@DESKTOP-4CMAMAA:/# ls
bin   dev  home  lib    lib64   lost+found  mnt  proc  run   snap  sys  usr
boot  etc  init  lib32  libx32  media       opt  root  sbin  srv   tmp  var


   cd or "cd ~" is used to navigate to home directory

ex : 

root@DESKTOP-4CMAMAA:/# cd
root@DESKTOP-4CMAMAA:~# ls
snap  test.txt
   

4. What's the difference between the root directory and the home directory?

   The root directory is the top-most directory in the file system hierarchy
   while the home directory is specific to a user,You might think of the root directory as the trunk of a tree
   and the home directory as one of the branches dedicated to you

5. what are other directory commands?

   pwd: The pwd command will allow you to know in which directory you're located

ex : 
root@DESKTOP-4CMAMAA:~# pwd
/root

   ls: The ls command will show you ('list') the files in your current directory

ex: 

root@DESKTOP-4CMAMAA:~# pwd
/root
root@DESKTOP-4CMAMAA:~# ls
snap  test.txt

   ls~ :will show you the files that are in your home directory.

ex:

root@DESKTOP-4CMAMAA:/# cd /
root@DESKTOP-4CMAMAA:/# ls
bin   dev  home  lib    lib64   lost+found  mnt  proc  run   snap  sys  usr
boot  etc  init  lib32  libx32  media       opt  root  sbin  srv   tmp  var
root@DESKTOP-4CMAMAA:/# ls ~
snap  test.txt


   ls -l : will show the list of files will all details in current directory.


root@DESKTOP-4CMAMAA:/# cd
root@DESKTOP-4CMAMAA:~# ls
snap  test.txt
root@DESKTOP-4CMAMAA:~# ls -l
total 4
drwx------ 3 root root 4096 Jun 14 10:55 snap
-rw-r--r-- 1 root root    0 Jun 14 11:51 test.txt

   ls -a : will show the list of all files including hidden files in current directory.


root@DESKTOP-4CMAMAA:~# ls -a
.  ..  .bash_history  .bashrc  .cache  .motd_shown  .profile  .viminfo  snap  test.txt


   cd.. :will navigate you to parent directory of current directory.


root@DESKTOP-4CMAMAA:/# cd /
root@DESKTOP-4CMAMAA:/# ls
bin   dev  home  lib    lib64   lost+found  mnt  proc  run   snap  sys  usr
boot  etc  init  lib32  libx32  media       opt  root  sbin  srv   tmp  var
root@DESKTOP-4CMAMAA:/# cd home
root@DESKTOP-4CMAMAA:/home# ls
rajesh
root@DESKTOP-4CMAMAA:/home# cd rajesh
root@DESKTOP-4CMAMAA:/home/rajesh# cd ..
root@DESKTOP-4CMAMAA:/home# cd ..


6. How to create empty file and directory ?

   touch :- touch command is used to create an empty file

root@DESKTOP-4CMAMAA:/# cd
root@DESKTOP-4CMAMAA:~# ls
snap  test.txt
root@DESKTOP-4CMAMAA:~# touch aa.txt
root@DESKTOP-4CMAMAA:~# ls
aa.txt  snap  test.txt


   mkdir : will allow you to create directories. 

root@DESKTOP-4CMAMAA:~# mkdir career
root@DESKTOP-4CMAMAA:~# ls
aa.txt  career  snap  test.txt
   

7. how to remove a file and directory  ?

   rm :  Use this command to remove or delete a file in your directory

root@DESKTOP-4CMAMAA:~# ls
aa.txt  career  snap  test.txt
root@DESKTOP-4CMAMAA:~# rm test.txt
root@DESKTOP-4CMAMAA:~# ls
aa.txt  career  snap

   rmdir: The rmdir command will delete an empty directory. 
          Example: "mkdir rk" will create a directory called "rk".

root@DESKTOP-4CMAMAA:~# ls
aa.txt  career  snap
root@DESKTOP-4CMAMAA:~# rmdir career
root@DESKTOP-4CMAMAA:~# ls
aa.txt  snap

   rm -rf : is used to delete a directory and all of its contents recursively.

root@DESKTOP-4CMAMAA:~# mkdir bridge
root@DESKTOP-4CMAMAA:~# ls
aa.txt  bridge  snap
root@DESKTOP-4CMAMAA:~# cd bridge
root@DESKTOP-4CMAMAA:~/bridge# touch dd.txt
root@DESKTOP-4CMAMAA:~/bridge# ls
dd.txt
root@DESKTOP-4CMAMAA:~/bridge# cd ..
root@DESKTOP-4CMAMAA:~# ls
aa.txt  bridge  snap
root@DESKTOP-4CMAMAA:~# rmdir bridge
rmdir: failed to remove 'bridge': Directory not empty
root@DESKTOP-4CMAMAA:~# rm -rf bridge
root@DESKTOP-4CMAMAA:~# ls
aa.txt  snap


8. how to edit a file ?

   VIM/VI :- visual interface is used to edit the content of a file


root@DESKTOP-4CMAMAA:~# ls
aa.txt  snap
root@DESKTOP-4CMAMAA:~# cat aa.txt
root@DESKTOP-4CMAMAA:~# vim aa.txt
root@DESKTOP-4CMAMAA:~# cat aa.txt
data
root@DESKTOP-4CMAMAA:~#


9. How to view the content of any file ?

   CAT :- used to view the content of a file

root@DESKTOP-4CMAMAA:~# ls
aa.txt  snap
root@DESKTOP-4CMAMAA:~# cat aa.txt
root@DESKTOP-4CMAMAA:~# vim aa.txt
root@DESKTOP-4CMAMAA:~# cat aa.txt
data
root@DESKTOP-4CMAMAA:~#


10. how to copy a file or directory ?

   CP :- is used to copy a file to a directory

root@DESKTOP-4CMAMAA:~# ls
aa.txt  snap  test1  test2
root@DESKTOP-4CMAMAA:~# cd test1
root@DESKTOP-4CMAMAA:~/test1# ls
root@DESKTOP-4CMAMAA:~/test1# cd
root@DESKTOP-4CMAMAA:~# cp aa.txt test1
root@DESKTOP-4CMAMAA:~# cd test1
root@DESKTOP-4CMAMAA:~/test1# ls
aa.txt


   cp -r :- "-r" shall be used if you want to copy a directory to another directory

root@DESKTOP-4CMAMAA:~/test1# cd
root@DESKTOP-4CMAMAA:~# ls
aa.txt  snap  test1  test2
root@DESKTOP-4CMAMAA:~# cd test2
root@DESKTOP-4CMAMAA:~/test2# ls
root@DESKTOP-4CMAMAA:~/test2# cd
root@DESKTOP-4CMAMAA:~# cp -r test1 test2
root@DESKTOP-4CMAMAA:~# cd test2
root@DESKTOP-4CMAMAA:~/test2# ls
test1
root@DESKTOP-4CMAMAA:~/test2#


11. How to move a file or directory ?

   mv :- is used to move a file or directory and it can also be used for rename a directory

root@DESKTOP-4CMAMAA:~# ls
aa.txt  snap  test2
root@DESKTOP-4CMAMAA:~# mkdir test1
root@DESKTOP-4CMAMAA:~# ls
aa.txt  snap  test1  test2
root@DESKTOP-4CMAMAA:~# mv aa.txt test1
root@DESKTOP-4CMAMAA:~# ls
snap  test1  test2
root@DESKTOP-4CMAMAA:~# cd test1
root@DESKTOP-4CMAMAA:~/test1# ls
aa.txt
root@DESKTOP-4CMAMAA:~/test1# mv test1 test2
mv: cannot stat 'test1': No such file or directory
root@DESKTOP-4CMAMAA:~/test1# cd
root@DESKTOP-4CMAMAA:~# mv test1 test2
root@DESKTOP-4CMAMAA:~# ls
snap  test2
root@DESKTOP-4CMAMAA:~# cd test2
root@DESKTOP-4CMAMAA:~/test2# ls
test1
root@DESKTOP-4CMAMAA:~/test2#

****Rename of directory*********

  mv folder/ name

root@DESKTOP-4CMAMAA:~# ls
snap  test2
root@DESKTOP-4CMAMAA:~# mv test2/ Test2
root@DESKTOP-4CMAMAA:~# ls
Test2  snap
root@DESKTOP-4CMAMAA:~#


12. How to check system memory details ?

   df -h :- gives the disk space usage of the file system
   du -hs file :- gives the disk space usage by the specific file
   free -m :- gives the ram/swap memory details in megabytes
   free -g :- gives the ram/swap memory details in gegabytes

13. How to search an expression in a file ?

    grep :- Global Regular expression print,it is used to pick the required expression from the file and print the output  

       grep value folder/file.

root@DESKTOP-4CMAMAA:~# ls
snap  test3
root@DESKTOP-4CMAMAA:~# cat test3/gg.txt
1
2
1
3
4
1
51
root@DESKTOP-4CMAMAA:~# grep 1 test3/gg.txt
1
1
1
51

     "-i" will be used when there is requirement to not consider the case sensitive

       grep -i value file

root@DESKTOP-4CMAMAA:~# ls
snap  ss.txt  test3
root@DESKTOP-4CMAMAA:~# cat ss.txt
a
A
a
A
aA
b
c
a
root@DESKTOP-4CMAMAA:~# grep -i a ss.txt
a
A
a
A
aA
a

    "-nA2" this will print the after two lines of values also

       grep -nA2 value folder/file

root@DESKTOP-4CMAMAA:~# ls
snap  ss.txt  test3
root@DESKTOP-4CMAMAA:~# vim ss.txt
root@DESKTOP-4CMAMAA:~# cat ss.txt
a
1
2
A
3
bb
cc
root@DESKTOP-4CMAMAA:~# grep -nA2 a ss.txt
1:a
2-1
3-2

     
     "-nB2" this will print the before two lines of values also

       grep -nB2 value folder/file

root@DESKTOP-4CMAMAA:~# ls
snap  ss.txt  test3
root@DESKTOP-4CMAMAA:~# vim ss.txt
root@DESKTOP-4CMAMAA:~# cat ss.txt
a
1
2
A
3
bb
cc
root@DESKTOP-4CMAMAA:~# grep -nA2 a ss.txt
1:a
2-1
3-2
root@DESKTOP-4CMAMAA:~# grep -nB2 3 ss.txt
3-2
4-A
5:3
root@DESKTOP-4CMAMAA:~#

14. what is meant by pipe command ?

    The pipe command in Linux, represented by the vertical bar symbol "|".
    It is used to connect the output of one command directly into the input of another.

   
    grep value folder/file|tee a.text :- 
    
     grep will get the line containing the value and that output will be saved in "a.txt" file using "tee" cmd.
    tee will perform two operations ,one is saving the output in new file and second is print the output

root@DESKTOP-4CMAMAA:~# ls
snap  ss.txt  test3
root@DESKTOP-4CMAMAA:~# touch dd.txt
root@DESKTOP-4CMAMAA:~# cat ss.txt
a
1
2
A
3
bb
cc
root@DESKTOP-4CMAMAA:~# cat dd.txt
root@DESKTOP-4CMAMAA:~# grep a ss.txt|tee dd.txt
a

15. what are head and tail commands?

    head :- is used to print first 10 lines of content in the specified file.

      head folder/file.

root@DESKTOP-4CMAMAA:~# ls
dd.txt  snap  ss.txt  test3
root@DESKTOP-4CMAMAA:~# head dd.txt
1
2
3
4
5
6
7
8
9
10

    head -2 folder/file :-

    "-2" is used to print first 5 lines of content in a file

root@DESKTOP-4CMAMAA:~# head -2 dd.txt
1
2
root@DESKTOP-4CMAMAA:~#

    tail :- is used to print last 10 lines of content in the specified file

     tail folder/file.

  here in below example it prints only 9 numbers , but if you see below 17 we have space by considering that total becomes 10 lines 
so , pls avoid space in data.

root@DESKTOP-4CMAMAA:~# tail dd.txt
9
10
11
12
13
14
15
16
17

root@DESKTOP-4CMAMAA:~#

    tail -2  folder/file :-

    "-2" is used to print last 5 lines of content in a file

root@DESKTOP-4CMAMAA:~# tail -2 dd.txt
17

root@DESKTOP-4CMAMAA:~#

********************************************************************************************************************
     how to print the 14th line of a file ?

  head -14/folder/file | tail -1

    here pipe command is used .First head command will send the first 14 lines of content as output and that is given as 
   input to tail command through "|" ."tail" will print the last line.

root@DESKTOP-4CMAMAA:~# head -14 dd.txt | tail -1
14
root@DESKTOP-4CMAMAA:~#

*******************************************************************************************************************








